// Vitest Snapshot v1, https://vitest.dev/guide/snapshot.html

exports[`Test AboutAcompanhaLegis component > should match snapshot 1`] = `
"<h1 class=\\"mb-6 text-center\\">Sobre o projeto</h1>
<p class=\\"mb-2\\"> O projeto começou como um projeto privado para fornecer dados compilados de proposições e deputados, para que gabinetes pudessem acompanhar as atividades da câmara dos deputados. </p>
<p class=\\"mb-2\\"> Em 2020 projeto foi transformado em um projeto público e aberto (Open Source), para que todos possam acompanhar essas atividades no governo. </p>
<p> Hoje o projeto está em desenvolvimento e utilizamos nosso GitHub para gerenciar o código fonte e o roadmap. </p>"
`;
